// Jest Snapshot v1, https://goo.gl/fbAQLP

exports[`Collapse must match the diff snapshot between Expand vs Collapse Props 1`] = `
Snapshot Diff:
Compared values have no visual difference.
`;

exports[`Collapse must match the diff snapshot between forceExpandOnDesktop vs default Props 1`] = `
Snapshot Diff:
Compared values have no visual difference.
`;

exports[`Collapse must match the snapshot with default Props 1`] = `
<SidebarSeparatorStyle>
  <CollapseTriggerStyle
    aria-label="common.shrink_collapse"
    disabled={false}
    onClick={[Function]}
  >
    <ThirdLevelTtitleStyle>
      foo
    </ThirdLevelTtitleStyle>
    <CollapseIconStyle
      aria-hidden={true}
      iscollapsed={true}
    >
      <Svg
        type="SvgAngleArrowRight"
      />
    </CollapseIconStyle>
  </CollapseTriggerStyle>
  <CollapseContentStyle
    aria-hidden={true}
    forcedexpand={false}
    iscollapsed={true}
  >
    <CollapseSeparatorStyle
      aria-hidden={true}
    />
    bar
  </CollapseContentStyle>
</SidebarSeparatorStyle>
`;
