// Jest Snapshot v1, https://goo.gl/fbAQLP

exports[`ComponentStyle snapshot by default 1`] = `
.c0 {
  position: relative;
  cursor: pointer;
  padding: 0 10px 0 12px;
  -webkit-text-decoration: none;
  text-decoration: none;
  height: 26px;
  line-height: 24px;
  font-size: 14px;
  border: none;
  margin-left: 12px;
  margin-right: 12px;
  margin-bottom: 12px;
}

.c0:hover:before {
  border-color: transparent transparent transparent;
}

.c0:before {
  content: '';
  position: absolute;
  top: 0;
  left: -12px;
  width: 0;
  height: 0;
  border-color: transparent transparent transparent;
  border-style: solid;
  border-width: 12px 12px 14px 0;
}

.c0:after {
  content: '';
  position: absolute;
  top: 10px;
  left: 0;
  float: left;
  width: 6px;
  height: 6px;
  border-radius: 3px;
  background: #fff;
}

<button
  className="c0"
>
  Hello
</button>
`;
