// Jest Snapshot v1, https://goo.gl/fbAQLP

exports[`ProposalFooterWithQuestionElement must match the diff snapshot between default vs custom avatar 1`] = `
Snapshot Diff:
Compared values have no visual difference.
`;

exports[`ProposalFooterWithTagElement must match the snapshot with default Props 1`] = `
Array [
  <ScreenReaderItemStyle
    as="p"
    dangerouslySetInnerHTML={
      Object {
        "__html": "consultation.tags.proposal_list",
      }
    }
  />,
  <ProposalFooterTagListStyle>
    <ProposalFooterTagListItemStyle
      as="li"
    >
      atom
    </ProposalFooterTagListItemStyle>
    <ProposalFooterTagListItemStyle
      as="li"
    >
      molecules
    </ProposalFooterTagListItemStyle>
    <ProposalFooterTagListItemStyle
      as="li"
    >
      templates
    </ProposalFooterTagListItemStyle>
    <ProposalFooterTagListItemStyle
      as="li"
    >
      pages
    </ProposalFooterTagListItemStyle>
  </ProposalFooterTagListStyle>,
]
`;
