// Jest Snapshot v1, https://goo.gl/fbAQLP

exports[`initialState snapshot 1`] = `
Object {
  "authentification": Object {
    "errors": Array [],
    "isLoggedIn": false,
    "user": undefined,
  },
  "notification": Object {
    "contentType": undefined,
  },
  "proposal": Object {
    "canSubmit": false,
    "content": "",
    "data": undefined,
    "error": undefined,
    "hasProposed": false,
    "isCurrentSubmitSuccess": false,
    "isTyping": false,
    "questionId": undefined,
  },
  "questions": Object {},
  "sequence": Object {
    "firstProposal": undefined,
    "isSequenceCollapsed": false,
    "questionId": undefined,
    "votedProposalIds": Array [],
  },
  "user": Object {
    "passwordRecovery": Object {
      "error": false,
      "errorMessage": undefined,
      "newPassword": undefined,
      "resetToken": undefined,
      "updated": false,
      "userId": undefined,
    },
  },
}
`;
