// Jest Snapshot v1, https://goo.gl/fbAQLP

exports[`initialState snapshot 1`] = `
Object {
  "appConfig": Object {
    "countriesWithConsultations": Array [],
    "country": "",
    "language": "",
    "queryParams": Object {},
    "source": "",
    "translations": Object {},
  },
  "currentQuestion": "",
  "modal": Object {
    "contentType": "",
    "focusAfterClose": true,
    "isOpen": false,
    "showExpirationSession": false,
  },
  "notification": Object {
    "contentType": undefined,
  },
  "panel": Object {
    "isExpanded": false,
    "panelContent": undefined,
  },
  "partners": Object {},
  "proposal": Object {
    "data": undefined,
    "error": undefined,
    "hasProposed": false,
    "popularProposals": Array [],
  },
  "questions": Object {},
  "sequence": Object {
    "cards": Array [],
    "currentIndex": 0,
    "firstProposal": undefined,
    "isSequenceCollapsed": false,
    "proposals": Array [],
    "questionSlug": undefined,
    "votedProposalIds": Object {},
  },
  "session": Object {
    "sessionId": "",
  },
  "user": Object {
    "authentication": Object {
      "errors": Array [],
      "isLoggedIn": false,
      "user": undefined,
    },
    "passwordRecovery": Object {
      "error": false,
      "errorMessage": undefined,
      "newPassword": undefined,
      "resetToken": undefined,
      "updated": false,
      "userId": undefined,
    },
  },
  "views": Object {},
}
`;
