// Jest Snapshot v1, https://goo.gl/fbAQLP

exports[`NumberInput must return the diff between snapshot when input is required or optionnal 1`] = `
Snapshot Diff:
- First value
+ Second value

@@ -12,11 +12,11 @@
        id="bar"
        max={100000}
        min={0}
        name="bar"
        onChange={[Function anonymous]}
-       required={true}
+       required={false}
        type="number"
        value="baz"
      />
      <FloatingLabelStyle
        htmlFor="bar"
`;
