// Jest Snapshot v1, https://goo.gl/fbAQLP

exports[`PasswordInput must match the snapshot with default Props 1`] = `
.c0 {
  display: -webkit-box;
  display: -webkit-flex;
  display: -ms-flexbox;
  display: flex;
  color: rgb(232,24,68);
  font-size: 16px;
  -webkit-align-items: center;
  -webkit-box-align: center;
  -ms-flex-align: center;
  align-items: center;
}

.c0 svg {
  fill: rgb(232,24,68);
}

.c1 {
  color: #999;
  font-size: 14px;
  font-weight: normal;
  position: absolute;
  pointer-events: none;
  left: 45px;
  top: 20px;
  -webkit-transition: 0.2s ease all;
  transition: 0.2s ease all;
  -moz-transition: 0.2s ease all;
  -webkit-transition: 0.2s ease all;
}

@media (min-width:767px) {
  .c0 {
    font-size: 18px;
  }
}

<MiddleFakeInputStyle>
  <span
    aria-label="qux"
    className="c0"
    htmlFor="bar"
  >
    <span
      aria-hidden={true}
    >
      SvgLock
    </span>
  </span>
  <BasicInputStyle
    aria-required={true}
    id="bar"
    name="bar"
    onChange={[Function]}
    required={true}
    type="password"
    value="baz"
  />
  <label
    className="c1"
  >
    qux
  </label>
  <PasswordButton
    isPasswordDisplayed={false}
    toggleIsPasswordDisplayed={[Function]}
  />
</MiddleFakeInputStyle>
`;

exports[`PasswordInput must return the diff between snapshot when password is displayed vs hidden 1`] = `
Snapshot Diff:
Compared values have no visual difference.
`;

exports[`PasswordInput must return the diff between snapshot when password is required or optionnal 1`] = `
Snapshot Diff:
- First value
+ Second value

@@ -9,15 +9,15 @@
      >
        SvgLock
      </span>
    </span>
    <BasicInputStyle
-     aria-required={true}
+     aria-required={false}
      id="bar"
      name="bar"
      onChange={[Function handleChange]}
-     required={true}
+     required={false}
      type="password"
      value="baz"
    />
    <label
      className="sc-8buptu-6 bGCBYo"
`;
