// Jest Snapshot v1, https://goo.gl/fbAQLP

exports[`UntypedInput must return the diff between snapshot when input is required or optionnal 1`] = `
Snapshot Diff:
- First value
+ Second value

@@ -8,15 +8,15 @@
    </CenterInputIconStyle>
    <div
      className="sc-1ln9y8s-4"
    >
      <BasicInputStyle
        id="bar"
        name="bar"
        onChange={[Function handleChange]}
-       required={true}
+       required={false}
        type="foo"
        value="baz"
      />
      <label
        className="sc-1ln9y8s-9"
`;
