// Jest Snapshot v1, https://goo.gl/fbAQLP

exports[`UntypedInput must return the diff between snapshot when input is required or optionnal 1`] = `
Snapshot Diff:
- First value
+ Second value

@@ -10,11 +10,11 @@
      <BasicInputStyle
        aria-invalid={false}
        id="bar"
        name="bar"
        onChange={[Function handleChange]}
-       required={true}
+       required={false}
        type="foo"
        value="baz"
      />
      <FloatingLabelStyle
        htmlFor="bar"
`;
