// Jest Snapshot v1, https://goo.gl/fbAQLP

exports[`UntypedInput must return the diff between snapshot when input is required or optionnal 1`] = `
Snapshot Diff:
- First value
+ Second value

@@ -8,15 +8,15 @@
      >
        SvgEnvelope
      </span>
    </CenterInputIconStyle>
    <BasicInputStyle
-     aria-required={true}
+     aria-required={false}
      id="bar"
      name="bar"
      onChange={[Function handleChange]}
      placeholder="qux"
-     required={true}
+     required={false}
      type="foo"
      value="baz"
    />
  </MiddleFakeInputStyle>
`;
