// Jest Snapshot v1, https://goo.gl/fbAQLP

exports[`TagTooltip must match the snapshot with default Props 1`] = `
Array [
  <TriangleUpStyle />,
  <TipWrapperStyle
    isFirstSequenceVote={false}
  >
    <TipCrossStyle
      aria-label="common.notifications.icons.close"
      onClick={[Function]}
    >
      <SvgClose
        aria-hidden={true}
        focusable="false"
      />
    </TipCrossStyle>
    <NotificationIcon
      context="tip"
      level="information"
    />
    common.notifications.vote_on_proposal
  </TipWrapperStyle>,
]
`;
