// Jest Snapshot v1, https://goo.gl/fbAQLP

exports[`TagTooltip must match the snapshot with default Props 1`] = `
<TipContainerStyle>
  <TriangleStyle />
  <TipWrapperStyle>
    <ScreenReaderItemStyle>
      common.notifications.icons.information
    </ScreenReaderItemStyle>
    common.notifications.tags_filter
    <ScreenReaderItemStyle>
      consultation.tags.description
    </ScreenReaderItemStyle>
    <LinkStyle
      onClick={[Function]}
    >
      common.notifications.thank_you
    </LinkStyle>
    <TipCrossStyle
      aria-label="common.notifications.icons.close"
      onClick={[Function]}
    >
      <SvgClose
        aria-hidden={true}
      />
    </TipCrossStyle>
  </TipWrapperStyle>
</TipContainerStyle>
`;
