// Jest Snapshot v1, https://goo.gl/fbAQLP

exports[`VoteProgress must match the snapshot with default Props 1`] = `
<VoteProgressContainerStyle>
  <VoteCounterStyle>
    <ScreenReaderItemStyle
      as="span"
    >
      results.static_total
    </ScreenReaderItemStyle>
    vote.label
  </VoteCounterStyle>
  <VoteProgressWrapperStyle>
    <VoteProgressItemStyle
      color="rgba(80,122,31,1)"
      percent={60}
    />
    <VoteProgressItemStyle
      color="rgba(190,24,44,1)"
      percent={17}
    />
    <VoteProgressItemStyle
      color="rgba(117,117,117,1)"
      percent={23}
    />
  </VoteProgressWrapperStyle>
</VoteProgressContainerStyle>
`;
