// Jest Snapshot v1, https://goo.gl/fbAQLP

exports[`TagList must match the diff snapshot between tagsSelected vs Default Props 1`] = `
Snapshot Diff:
- First value
+ Second value

@@ -51,13 +51,7 @@
    </TagListStyle>
    <TagListHeaderStyle>
      <span>
        consultation.tags.count
      </span>
-     <TagElementUnderlinedStyle
-       id="flush_tags_trigger"
-       onClick={[Function setReset]}
-     >
-       consultation.reset
-     </TagElementUnderlinedStyle>
    </TagListHeaderStyle>
  </TaglistWrapperStyle>
`;

exports[`TagList must match the snapshot with default Props 1`] = `
<TaglistWrapperStyle>
  <TagListStyle>
    <li>
      <TagButtonElementStyle
        aria-live="polite"
        id="stake_trigger_undefined"
        isSelected={true}
        onClick={[Function]}
      >
        <ScreenReaderItemStyle>
          consultation.tags.remove_filter
        </ScreenReaderItemStyle>
        foo
        <SvgClose
          aria-hidden={true}
          style={
            Object {
              "fill": "rgb(255,255,255)",
              "width": "10px",
            }
          }
        />
      </TagButtonElementStyle>
    </li>
    <li>
      <TagButtonElementStyle
        aria-live="polite"
        id="stake_trigger_undefined"
        isSelected={false}
        onClick={[Function]}
      >
        <ScreenReaderItemStyle>
          consultation.tags.add_filter
        </ScreenReaderItemStyle>
        bar
      </TagButtonElementStyle>
    </li>
    <li>
      <TagButtonElementStyle
        aria-live="polite"
        id="stake_trigger_undefined"
        isSelected={false}
        onClick={[Function]}
      >
        <ScreenReaderItemStyle>
          consultation.tags.add_filter
        </ScreenReaderItemStyle>
        baz
      </TagButtonElementStyle>
    </li>
  </TagListStyle>
  <TagListHeaderStyle>
    <span>
      consultation.tags.count
    </span>
  </TagListHeaderStyle>
</TaglistWrapperStyle>
`;
