// Jest Snapshot v1, https://goo.gl/fbAQLP

exports[`FormSuccessMessage must match the snapshot 1`] = `
.c0 {
  display: -webkit-box;
  display: -webkit-flex;
  display: -ms-flexbox;
  display: flex;
  -webkit-align-content: center;
  -ms-flex-line-pack: center;
  align-content: center;
  margin-top: 10px;
  font-size: 12px;
  line-height: 18px;
}

<p
  className="c0"
  tabIndex={0}
>
  <SvgCheck
    style={
      Object {
        "display": "inline-flex",
        "fill": "rgba(80,122,31,1)",
        "fontSize": "16px",
        "marginRight": "5px",
      }
    }
  />
  common.form.messages.submit_success
</p>
`;
