// Jest Snapshot v1, https://goo.gl/fbAQLP

exports[`Avatar must match the diff snapshot between default vs custom avatar 1`] = `
Snapshot Diff:
- First value
+ Second value

  <span
    className="sc-11otd9o-0 boWcRE"
  >
    <SvgEmptyAvatar
      aria-hidden={true}
-     height={30}
-     width={30}
+     height={200}
+     width={200}
    />
  </span>
`;

exports[`Avatar snapshot by default 1`] = `
.c0 {
  margin-right: 10px;
  display: -webkit-inline-box;
  display: -webkit-inline-flex;
  display: -ms-inline-flexbox;
  display: inline-flex;
}

.c0 svg,
.c0 img {
  border-radius: 50%;
  overflow: hidden;
  border: 1px solid rgba(0,0,0,0.5);
  background-color: rgb(255,255,255);
  min-width: 30px;
}

<span
  className="c0"
>
  <SvgEmptyAvatar
    aria-hidden={true}
    height={30}
    width={30}
  />
</span>
`;
