// Jest Snapshot v1, https://goo.gl/fbAQLP

exports[`Avatar must match the diff snapshot between default vs custom avatar 1`] = `
Snapshot Diff:
- First value
+ Second value

  <span
    className="sc-1nws3fm-0 kmyGbB"
  >
    <SvgEmptyAvatar
      aria-hidden={true}
-     height={30}
-     width={30}
+     height={200}
+     width={200}
    />
  </span>
`;

exports[`Avatar snapshot by default 1`] = `
.c0 {
  position: static;
  margin-right: 10px;
  display: -webkit-inline-box;
  display: -webkit-inline-flex;
  display: -ms-inline-flexbox;
  display: inline-flex;
}

<span
  className="c0"
>
  <SvgEmptyAvatar
    aria-hidden={true}
    height={30}
    width={30}
  />
</span>
`;
