// Jest Snapshot v1, https://goo.gl/fbAQLP

exports[`TagTooltip must match the snapshot with default Props 1`] = `
<TagsTooltipContainerStyle>
  <TriangleStyle />
  <TagsTooltipWrapperStyle>
    <ScreenReaderItemStyle>
      common.notifications.icons.information
    </ScreenReaderItemStyle>
    common.notifications.tags_filter
    <ScreenReaderItemStyle>
      consultation.tags.description
    </ScreenReaderItemStyle>
    <LinkStyle
      onClick={[Function]}
    >
      common.notifications.thank_you
    </LinkStyle>
    <TagsTooltipCrossStyle
      aria-label="common.notifications.icons.close"
      onClick={[Function]}
    >
      <SvgClose
        aria-hidden={true}
      />
    </TagsTooltipCrossStyle>
  </TagsTooltipWrapperStyle>
</TagsTooltipContainerStyle>
`;
