// Jest Snapshot v1, https://goo.gl/fbAQLP

exports[`CardStyle snapshot by default 1`] = `
.c0 {
  display: -webkit-box;
  display: -webkit-flex;
  display: -ms-flexbox;
  display: flex;
  -webkit-flex-flow: column;
  -ms-flex-flow: column;
  flex-flow: column;
  -webkit-box-pack: justify;
  -webkit-justify-content: space-between;
  -ms-flex-pack: justify;
  justify-content: space-between;
  width: 100%;
  -webkit-box-flex: 1;
  -webkit-flex-grow: 1;
  -ms-flex-positive: 1;
  flex-grow: 1;
  max-width: 71.25rem;
  padding: 0.9375rem;
  background-color: rgb(255,255,255);
  box-shadow: 0 1px 1px 0 rgba(0,0,0,0.5);
}

<section
  className="c0"
/>
`;
