// Jest Snapshot v1, https://goo.gl/fbAQLP

exports[`SubmitButton must match the snapshot with default Props 1`] = `
.c0 {
  display: -webkit-box;
  display: -webkit-flex;
  display: -ms-flexbox;
  display: flex;
  -webkit-box-pack: center;
  -webkit-justify-content: center;
  -ms-flex-pack: center;
  justify-content: center;
  -webkit-align-items: baseline;
  -webkit-box-align: baseline;
  -ms-flex-align: baseline;
  align-items: baseline;
  font-family: 'Trade Gothic Bold Condensed',Arial,sans-serif;
  font-size: 16px;
  line-height: 1;
  border: none;
  border-radius: 20px;
  text-transform: uppercase;
  padding: 12px 25px 8px;
}

.c1 {
  color: rgba(255,255,255,1);
  background-color: rgba(37,49,134,1);
}

.c1 svg,
.c1 .tofill {
  fill: rgba(255,255,255,1);
}

.c1:disabled {
  color: rgba(0,0,0,0.65);
  background-color: rgba(0,0,0,0.15);
}

.c1:disabled svg,
.c1:disabled .tofill {
  fill: rgba(0,0,0,0.65);
}

@media (min-width:767px) {
  .c0 {
    font-size: 16px;
    padding: 13px 25px 10px;
  }
}

@media (min-width:1140px) {
  .c0 {
    font-size: 18px;
  }
}

<button
  className="c0 c1"
  disabled={false}
  form="foo"
  type="submit"
>
  SvgThumbsUp
  bar
</button>
`;

exports[`SubmitButton must return the diff between when disabled 1`] = `
Snapshot Diff:
- First value
+ Second value

@@ -1,8 +1,8 @@
  <button
    className="sc-11o2adg-2 sc-11o2adg-8 klbMbx ehCQfL"
-   disabled={false}
+   disabled={true}
    form="foo"
    type="submit"
  >
    SvgThumbsUp
    bar
`;
