// Jest Snapshot v1, https://goo.gl/fbAQLP

exports[`Histogram must match the diff snapshot between default vs 2 bars 1`] = `
Snapshot Diff:
- First value
+ Second value

@@ -12,43 +12,158 @@
            <th />
            <th>
              participants
               (consultation.results.table.value_with_unit)
            </th>
+           <th>
+             population générale
+              (consultation.results.table.value_with_unit)
+           </th>
          </tr>
        </thead>
        <tbody>
          <tr>
            <td>
              Ile-de-France
            </td>
            <td>
              16%
+           </td>
+           <td>
+             19%
            </td>
          </tr>
          <tr>
            <td>
              Auvergne-Rhone-Alpes
            </td>
            <td>
              13%
            </td>
+           <td>
+             12%
+           </td>
          </tr>
          <tr>
            <td>
              Nouvelle-Aquitaine
            </td>
            <td>
              10%
            </td>
+           <td>
+             9%
+           </td>
          </tr>
          <tr>
            <td>
              Occitanie
            </td>
            <td>
              10%
+           </td>
+           <td>
+             9%
+           </td>
+         </tr>
+         <tr>
+           <td>
+             Provence-Alpes-Côte-d-Azur
+           </td>
+           <td>
+             9%
+           </td>
+           <td>
+             8%
+           </td>
+         </tr>
+         <tr>
+           <td>
+             Grand-Est
+           </td>
+           <td>
+             8%
+           </td>
+           <td>
+             9%
+           </td>
+         </tr>
+         <tr>
+           <td>
+             Hauts-de-France
+           </td>
+           <td>
+             8%
+           </td>
+           <td>
+             9%
+           </td>
+         </tr>
+         <tr>
+           <td>
+             Bretagne
+           </td>
+           <td>
+             6%
+           </td>
+           <td>
+             5%
+           </td>
+         </tr>
+         <tr>
+           <td>
+             Pays-de-la-Loire
+           </td>
+           <td>
+             6%
+           </td>
+           <td>
+             6%
+           </td>
+         </tr>
+         <tr>
+           <td>
+             Normandie
+           </td>
+           <td>
+             5%
+           </td>
+           <td>
+             5%
+           </td>
+         </tr>
+         <tr>
+           <td>
+             Bourgogne-Franche-Comté
+           </td>
+           <td>
+             4%
+           </td>
+           <td>
+             4%
+           </td>
+         </tr>
+         <tr>
+           <td>
+             Centre-Val-de-Loire
+           </td>
+           <td>
+             4%
+           </td>
+           <td>
+             4%
+           </td>
+         </tr>
+         <tr>
+           <td>
+             Corse
+           </td>
+           <td>
+             1%
+           </td>
+           <td>
+             1%
            </td>
          </tr>
        </tbody>
      </table>
    </HiddenItemStyle>
@@ -60,10 +175,16 @@
      </h5>
      <HistogramLegendLabelStyle>
        participants
        <HistogramLegendColorsStyle />
      </HistogramLegendLabelStyle>
+     <HistogramLegendLabelStyle>
+       population générale
+       <HistogramLegendColorsStyle
+         background="population générale"
+       />
+     </HistogramLegendLabelStyle>
    </HistogramLegendStyle>
    <HistogramListStyle
      aria-hidden={true}
      itemGap={0}
    >
@@ -75,14 +196,23 @@
          Ile-de-France
        </HistogramLabelStyle>
        <HistogramBarContainerStyle>
          <HistogramBarStyle
            barHeight={1600}
-           barWidth={100}
+           barWidth={50}
          >
            <HistogramPercentStyle>
              16%
+           </HistogramPercentStyle>
+         </HistogramBarStyle>
+         <HistogramBarStyle
+           background={19}
+           barHeight={1900}
+           barWidth={50}
+         >
+           <HistogramPercentStyle>
+             19%
            </HistogramPercentStyle>
          </HistogramBarStyle>
        </HistogramBarContainerStyle>
      </HistogramListItemStyle>
      <HistogramListItemStyle
@@ -93,14 +223,23 @@
          Auvergne-Rhone-Alpes
        </HistogramLabelStyle>
        <HistogramBarContainerStyle>
          <HistogramBarStyle
            barHeight={1300}
-           barWidth={100}
+           barWidth={50}
          >
            <HistogramPercentStyle>
              13%
+           </HistogramPercentStyle>
+         </HistogramBarStyle>
+         <HistogramBarStyle
+           background={12}
+           barHeight={1200}
+           barWidth={50}
+         >
+           <HistogramPercentStyle>
+             12%
            </HistogramPercentStyle>
          </HistogramBarStyle>
        </HistogramBarContainerStyle>
      </HistogramListItemStyle>
      <HistogramListItemStyle
@@ -111,16 +250,25 @@
          Nouvelle-Aquitaine
        </HistogramLabelStyle>
        <HistogramBarContainerStyle>
          <HistogramBarStyle
            barHeight={1000}
-           barWidth={100}
+           barWidth={50}
          >
            <HistogramPercentStyle>
              10%
            </HistogramPercentStyle>
          </HistogramBarStyle>
+         <HistogramBarStyle
+           background={9}
+           barHeight={900}
+           barWidth={50}
+         >
+           <HistogramPercentStyle>
+             9%
+           </HistogramPercentStyle>
+         </HistogramBarStyle>
        </HistogramBarContainerStyle>
      </HistogramListItemStyle>
      <HistogramListItemStyle
        itemGap={0}
        itemWidth={0}
@@ -129,14 +277,266 @@
          Occitanie
        </HistogramLabelStyle>
        <HistogramBarContainerStyle>
          <HistogramBarStyle
            barHeight={1000}
-           barWidth={100}
+           barWidth={50}
          >
            <HistogramPercentStyle>
              10%
+           </HistogramPercentStyle>
+         </HistogramBarStyle>
+         <HistogramBarStyle
+           background={9}
+           barHeight={900}
+           barWidth={50}
+         >
+           <HistogramPercentStyle>
+             9%
+           </HistogramPercentStyle>
+         </HistogramBarStyle>
+       </HistogramBarContainerStyle>
+     </HistogramListItemStyle>
+     <HistogramListItemStyle
+       itemGap={0}
+       itemWidth={0}
+     >
+       <HistogramLabelStyle>
+         Provence-Alpes-Côte-d-Azur
+       </HistogramLabelStyle>
+       <HistogramBarContainerStyle>
+         <HistogramBarStyle
+           barHeight={900}
+           barWidth={50}
+         >
+           <HistogramPercentStyle>
+             9%
+           </HistogramPercentStyle>
+         </HistogramBarStyle>
+         <HistogramBarStyle
+           background={8}
+           barHeight={800}
+           barWidth={50}
+         >
+           <HistogramPercentStyle>
+             8%
+           </HistogramPercentStyle>
+         </HistogramBarStyle>
+       </HistogramBarContainerStyle>
+     </HistogramListItemStyle>
+     <HistogramListItemStyle
+       itemGap={0}
+       itemWidth={0}
+     >
+       <HistogramLabelStyle>
+         Grand-Est
+       </HistogramLabelStyle>
+       <HistogramBarContainerStyle>
+         <HistogramBarStyle
+           barHeight={800}
+           barWidth={50}
+         >
+           <HistogramPercentStyle>
+             8%
+           </HistogramPercentStyle>
+         </HistogramBarStyle>
+         <HistogramBarStyle
+           background={9}
+           barHeight={900}
+           barWidth={50}
+         >
+           <HistogramPercentStyle>
+             9%
+           </HistogramPercentStyle>
+         </HistogramBarStyle>
+       </HistogramBarContainerStyle>
+     </HistogramListItemStyle>
+     <HistogramListItemStyle
+       itemGap={0}
+       itemWidth={0}
+     >
+       <HistogramLabelStyle>
+         Hauts-de-France
+       </HistogramLabelStyle>
+       <HistogramBarContainerStyle>
+         <HistogramBarStyle
+           barHeight={800}
+           barWidth={50}
+         >
+           <HistogramPercentStyle>
+             8%
+           </HistogramPercentStyle>
+         </HistogramBarStyle>
+         <HistogramBarStyle
+           background={9}
+           barHeight={900}
+           barWidth={50}
+         >
+           <HistogramPercentStyle>
+             9%
+           </HistogramPercentStyle>
+         </HistogramBarStyle>
+       </HistogramBarContainerStyle>
+     </HistogramListItemStyle>
+     <HistogramListItemStyle
+       itemGap={0}
+       itemWidth={0}
+     >
+       <HistogramLabelStyle>
+         Bretagne
+       </HistogramLabelStyle>
+       <HistogramBarContainerStyle>
+         <HistogramBarStyle
+           barHeight={600}
+           barWidth={50}
+         >
+           <HistogramPercentStyle>
+             6%
+           </HistogramPercentStyle>
+         </HistogramBarStyle>
+         <HistogramBarStyle
+           background={5}
+           barHeight={500}
+           barWidth={50}
+         >
+           <HistogramPercentStyle>
+             5%
+           </HistogramPercentStyle>
+         </HistogramBarStyle>
+       </HistogramBarContainerStyle>
+     </HistogramListItemStyle>
+     <HistogramListItemStyle
+       itemGap={0}
+       itemWidth={0}
+     >
+       <HistogramLabelStyle>
+         Pays-de-la-Loire
+       </HistogramLabelStyle>
+       <HistogramBarContainerStyle>
+         <HistogramBarStyle
+           barHeight={600}
+           barWidth={50}
+         >
+           <HistogramPercentStyle>
+             6%
+           </HistogramPercentStyle>
+         </HistogramBarStyle>
+         <HistogramBarStyle
+           background={6}
+           barHeight={600}
+           barWidth={50}
+         >
+           <HistogramPercentStyle>
+             6%
+           </HistogramPercentStyle>
+         </HistogramBarStyle>
+       </HistogramBarContainerStyle>
+     </HistogramListItemStyle>
+     <HistogramListItemStyle
+       itemGap={0}
+       itemWidth={0}
+     >
+       <HistogramLabelStyle>
+         Normandie
+       </HistogramLabelStyle>
+       <HistogramBarContainerStyle>
+         <HistogramBarStyle
+           barHeight={500}
+           barWidth={50}
+         >
+           <HistogramPercentStyle>
+             5%
+           </HistogramPercentStyle>
+         </HistogramBarStyle>
+         <HistogramBarStyle
+           background={5}
+           barHeight={500}
+           barWidth={50}
+         >
+           <HistogramPercentStyle>
+             5%
+           </HistogramPercentStyle>
+         </HistogramBarStyle>
+       </HistogramBarContainerStyle>
+     </HistogramListItemStyle>
+     <HistogramListItemStyle
+       itemGap={0}
+       itemWidth={0}
+     >
+       <HistogramLabelStyle>
+         Bourgogne-Franche-Comté
+       </HistogramLabelStyle>
+       <HistogramBarContainerStyle>
+         <HistogramBarStyle
+           barHeight={400}
+           barWidth={50}
+         >
+           <HistogramPercentStyle>
+             4%
+           </HistogramPercentStyle>
+         </HistogramBarStyle>
+         <HistogramBarStyle
+           background={4}
+           barHeight={400}
+           barWidth={50}
+         >
+           <HistogramPercentStyle>
+             4%
+           </HistogramPercentStyle>
+         </HistogramBarStyle>
+       </HistogramBarContainerStyle>
+     </HistogramListItemStyle>
+     <HistogramListItemStyle
+       itemGap={0}
+       itemWidth={0}
+     >
+       <HistogramLabelStyle>
+         Centre-Val-de-Loire
+       </HistogramLabelStyle>
+       <HistogramBarContainerStyle>
+         <HistogramBarStyle
+           barHeight={400}
+           barWidth={50}
+         >
+           <HistogramPercentStyle>
+             4%
+           </HistogramPercentStyle>
+         </HistogramBarStyle>
+         <HistogramBarStyle
+           background={4}
+           barHeight={400}
+           barWidth={50}
+         >
+           <HistogramPercentStyle>
+             4%
+           </HistogramPercentStyle>
+         </HistogramBarStyle>
+       </HistogramBarContainerStyle>
+     </HistogramListItemStyle>
+     <HistogramListItemStyle
+       itemGap={0}
+       itemWidth={0}
+     >
+       <HistogramLabelStyle>
+         Corse
+       </HistogramLabelStyle>
+       <HistogramBarContainerStyle>
+         <HistogramBarStyle
+           barHeight={100}
+           barWidth={50}
+         >
+           <HistogramPercentStyle>
+             1%
+           </HistogramPercentStyle>
+         </HistogramBarStyle>
+         <HistogramBarStyle
+           background={1}
+           barHeight={100}
+           barWidth={50}
+         >
+           <HistogramPercentStyle>
+             1%
            </HistogramPercentStyle>
          </HistogramBarStyle>
        </HistogramBarContainerStyle>
      </HistogramListItemStyle>
    </HistogramListStyle>
`;

exports[`Histogram snapshot by default 1`] = `
<HistogramWrapperStyle>
  <HistogramTitleStyle>
    Participation par région en métropole
  </HistogramTitleStyle>
  <HiddenItemStyle>
    <table>
      <caption>
        Participation par région en métropole
      </caption>
      <thead>
        <tr>
          <th />
          <th>
            participants
             (consultation.results.table.value_with_unit)
          </th>
        </tr>
      </thead>
      <tbody>
        <tr>
          <td>
            Ile-de-France
          </td>
          <td>
            16%
          </td>
        </tr>
        <tr>
          <td>
            Auvergne-Rhone-Alpes
          </td>
          <td>
            13%
          </td>
        </tr>
        <tr>
          <td>
            Nouvelle-Aquitaine
          </td>
          <td>
            10%
          </td>
        </tr>
        <tr>
          <td>
            Occitanie
          </td>
          <td>
            10%
          </td>
        </tr>
      </tbody>
    </table>
  </HiddenItemStyle>
  <HistogramLegendStyle
    aria-hidden={true}
  >
    <h5>
      Répartition des participants
    </h5>
    <HistogramLegendLabelStyle>
      participants
      <HistogramLegendColorsStyle />
    </HistogramLegendLabelStyle>
  </HistogramLegendStyle>
  <HistogramListStyle
    aria-hidden={true}
    itemGap={0}
  >
    <HistogramListItemStyle
      itemGap={0}
      itemWidth={0}
    >
      <HistogramLabelStyle>
        Ile-de-France
      </HistogramLabelStyle>
      <HistogramBarContainerStyle>
        <HistogramBarStyle
          barHeight={1600}
          barWidth={100}
        >
          <HistogramPercentStyle>
            16%
          </HistogramPercentStyle>
        </HistogramBarStyle>
      </HistogramBarContainerStyle>
    </HistogramListItemStyle>
    <HistogramListItemStyle
      itemGap={0}
      itemWidth={0}
    >
      <HistogramLabelStyle>
        Auvergne-Rhone-Alpes
      </HistogramLabelStyle>
      <HistogramBarContainerStyle>
        <HistogramBarStyle
          barHeight={1300}
          barWidth={100}
        >
          <HistogramPercentStyle>
            13%
          </HistogramPercentStyle>
        </HistogramBarStyle>
      </HistogramBarContainerStyle>
    </HistogramListItemStyle>
    <HistogramListItemStyle
      itemGap={0}
      itemWidth={0}
    >
      <HistogramLabelStyle>
        Nouvelle-Aquitaine
      </HistogramLabelStyle>
      <HistogramBarContainerStyle>
        <HistogramBarStyle
          barHeight={1000}
          barWidth={100}
        >
          <HistogramPercentStyle>
            10%
          </HistogramPercentStyle>
        </HistogramBarStyle>
      </HistogramBarContainerStyle>
    </HistogramListItemStyle>
    <HistogramListItemStyle
      itemGap={0}
      itemWidth={0}
    >
      <HistogramLabelStyle>
        Occitanie
      </HistogramLabelStyle>
      <HistogramBarContainerStyle>
        <HistogramBarStyle
          barHeight={1000}
          barWidth={100}
        >
          <HistogramPercentStyle>
            10%
          </HistogramPercentStyle>
        </HistogramBarStyle>
      </HistogramBarContainerStyle>
    </HistogramListItemStyle>
  </HistogramListStyle>
</HistogramWrapperStyle>
`;
